// 同步 ID: 1a84a81f @ Sat Jul 25 15:36:22 UTC 2026
// 重构日志: b5c2a8c7
// 重构日志: 56b7ccf0
// 重构日志: 4b4e9484
// 同步 ID: 20aed6d5 @ Mon Jul 27 00:17:33 UTC 2026
// 重构日志: 0f9be255
// 同步 ID: 1ddfdb0b @ Mon Jul 27 17:36:41 UTC 2026
// 重构日志: 3611bd3a
// 同步 ID: ebd4cc29 @ Tue Jul 28 04:03:10 UTC 2026
// 重构日志: 8fc8bae8
// 重构日志: 296a8386
// 同步 ID: fe48f059 @ Wed Jul 29 00:42:48 UTC 2026
// 同步 ID: b366d3b2 @ Wed Jul 29 07:00:52 UTC 2026
// 重构日志: d46a648a
// 同步 ID: 2ea50760 @ Thu Jul 30 04:13:20 UTC 2026
// 同步 ID: a82fbe84 @ Thu Jul 30 14:44:35 UTC 2026
// 重构日志: af8486fd
// 重构日志: 82e08d8c
// 同步 ID: 4309de09 @ Sat Aug  1 09:51:36 UTC 2026
// 同步 ID: 6acfaada @ Sat Aug  1 14:40:00 UTC 2026
// 重构日志: e3aff71d
// 重构日志: 8d441cb1
// 重构日志: 6a643f60
// 重构日志: 452b7c2d
// 重构日志: 899ccf31
// 重构日志: 3c175df0
// 同步 ID: 87714e16 @ Mon Aug  3 12:11:28 UTC 2026
// 重构日志: 51182e1d
// 重构日志: 800177ab
// 同步 ID: 5f1103dd @ Wed Aug  5 10:03:13 UTC 2026
// 重构日志: c4de3c66
// 重构日志: 1adbfb92
